0 verbose cli /Users/danishhasan/.nvm/versions/node/v24.1.0/bin/node /Users/danishhasan/.nvm/versions/node/v24.1.0/lib/node_modules/npm/bin/npm-cli.js
1 info using npm@11.3.0
2 info using node@v24.1.0
3 silly config load:file:/Users/danishhasan/.nvm/versions/node/v24.1.0/lib/node_modules/npm/npmrc
4 silly config load:file:/Users/danishhasan/Downloads/EBES - Employee Best Effort Score (1)/.npmrc
5 silly config load:file:/Users/danishhasan/.nvm/versions/node/v24.1.0/etc/npmrc
6 verbose title npm exec wrangler deploy
7 verbose argv "exec" "--" "wrangler" "deploy"
8 verbose logfile logs-max:10 dir:/Users/danishhasan/Downloads/EBES - Employee Best Effort Score (1)/.npm/_logs/2026-01-19T12_59_02_178Z-
9 verbose logfile /Users/danishhasan/Downloads/EBES - Employee Best Effort Score (1)/.npm/_logs/2026-01-19T12_59_02_178Z-debug-0.log
10 silly logfile done cleaning log files
11 http fetch GET 200 https://registry.npmjs.org/npm 267ms
12 verbose cwd /Users/danishhasan/Downloads/EBES - Employee Best Effort Score (1)
13 verbose os Darwin 25.2.0
14 verbose node v24.1.0
15 verbose npm  v11.3.0
16 notice
16 notice New [33mminor[39m version of npm available! [33m11.3.0[39m -> [34m11.7.0[39m
16 notice Changelog: [34mhttps://github.com/npm/cli/releases/tag/v11.7.0[39m
16 notice To update run: [4mnpm install -g npm@11.7.0[24m
16 notice  { force: true, Symbol(proc-log.meta): true }
17 verbose exit 0
18 info ok
